[?7h[40m[2J[0;1;33m [D[32m [D[35m [D[37m [D[33m [D[32m [D[35m [D[37m [D[33m [D[32m [D[35m [D[37m [D[33m [D[6C[0;34m∞±[1m∞±≤€[36m≤€[37m€  [31mW O R L D    N E W S  [37m€[36m€≤[34m€≤±∞[0;34m±∞[6C[1;33m [D[32m [D[35m [D[37m [D[33m [D[32m [D[35m [D[37m [D[33m [D[32m [D[35m [D[37m [D[33m [A[79C[2;1H
[31;41mﬂﬂﬂﬂﬂﬂﬂﬂﬂﬂﬂﬂﬂﬂﬂﬂﬂﬂﬂﬂﬂﬂﬂﬂﬂﬂﬂﬂﬂﬂﬂﬂﬂﬂﬂﬂﬂﬂﬂﬂﬂﬂﬂﬂﬂﬂﬂﬂﬂﬂﬂﬂﬂﬂﬂﬂﬂﬂﬂﬂﬂﬂﬂﬂﬂﬂﬂﬂﬂﬂﬂﬂﬂﬂﬂﬂﬂﬂﬂﬂ[4;1H[40m

















[41m‹‹‹‹‹‹‹‹‹‹‹‹‹‹‹‹‹‹‹‹‹‹‹‹‹‹‹‹‹‹‹‹‹‹‹‹‹‹‹‹‹‹‹‹‹‹‹‹‹‹‹‹‹‹‹‹‹‹‹‹‹‹‹‹‹‹‹‹‹‹‹‹‹‹‹‹‹‹‹‹[23;1H[0m[255D